// Jest Snapshot v1, https://goo.gl/fbAQLP

exports[`Indecision Component debe hacer match con el snapts 1`] = `
<h1>Indecision</h1>
<!--v-if-->
<div class="bg-dark"></div>
<div class="indecision-container"><input type="text" placeholder="Hazme una pregunta">
  <p>Recuerda terminar con un signo de interrogaci√≥n(?)</p>
  <!--v-if-->
</div>
`;
